Archive member included to satisfy reference by file (symbol)

e:/program files/gcc-arm-none-eabi-10-2020/bin/../lib/gcc/arm-none-eabi/10.2.1/../../../../arm-none-eabi/lib/thumb/v7-m/nofp\libc_nano.a(lib_a-exit.o)
                              e:/program files/gcc-arm-none-eabi-10-2020/bin/../lib/gcc/arm-none-eabi/10.2.1/../../../../arm-none-eabi/lib/thumb/v7-m/nofp/crt0.o (exit)
e:/program files/gcc-arm-none-eabi-10-2020/bin/../lib/gcc/arm-none-eabi/10.2.1/../../../../arm-none-eabi/lib/thumb/v7-m/nofp\libc_nano.a(lib_a-impure.o)
                              e:/program files/gcc-arm-none-eabi-10-2020/bin/../lib/gcc/arm-none-eabi/10.2.1/../../../../arm-none-eabi/lib/thumb/v7-m/nofp\libc_nano.a(lib_a-exit.o) (_global_impure_ptr)
e:/program files/gcc-arm-none-eabi-10-2020/bin/../lib/gcc/arm-none-eabi/10.2.1/../../../../arm-none-eabi/lib/thumb/v7-m/nofp\libc_nano.a(lib_a-init.o)
                              e:/program files/gcc-arm-none-eabi-10-2020/bin/../lib/gcc/arm-none-eabi/10.2.1/../../../../arm-none-eabi/lib/thumb/v7-m/nofp/crt0.o (__libc_init_array)
e:/program files/gcc-arm-none-eabi-10-2020/bin/../lib/gcc/arm-none-eabi/10.2.1/../../../../arm-none-eabi/lib/thumb/v7-m/nofp\libc_nano.a(lib_a-memcpy-stub.o)
                              ./build/Debug/queue.o (memcpy)
e:/program files/gcc-arm-none-eabi-10-2020/bin/../lib/gcc/arm-none-eabi/10.2.1/../../../../arm-none-eabi/lib/thumb/v7-m/nofp\libc_nano.a(lib_a-memset.o)
                              e:/program files/gcc-arm-none-eabi-10-2020/bin/../lib/gcc/arm-none-eabi/10.2.1/../../../../arm-none-eabi/lib/thumb/v7-m/nofp/crt0.o (memset)
e:/program files/gcc-arm-none-eabi-10-2020/bin/../lib/gcc/arm-none-eabi/10.2.1/../../../../arm-none-eabi/lib/thumb/v7-m/nofp\libc_nano.a(lib_a-puts.o)
                              ./build/Debug/main.o (puts)
e:/program files/gcc-arm-none-eabi-10-2020/bin/../lib/gcc/arm-none-eabi/10.2.1/../../../../arm-none-eabi/lib/thumb/v7-m/nofp\libc_nano.a(lib_a-wbuf.o)
                              e:/program files/gcc-arm-none-eabi-10-2020/bin/../lib/gcc/arm-none-eabi/10.2.1/../../../../arm-none-eabi/lib/thumb/v7-m/nofp\libc_nano.a(lib_a-puts.o) (__swbuf_r)
e:/program files/gcc-arm-none-eabi-10-2020/bin/../lib/gcc/arm-none-eabi/10.2.1/../../../../arm-none-eabi/lib/thumb/v7-m/nofp\libc_nano.a(lib_a-wsetup.o)
                              e:/program files/gcc-arm-none-eabi-10-2020/bin/../lib/gcc/arm-none-eabi/10.2.1/../../../../arm-none-eabi/lib/thumb/v7-m/nofp\libc_nano.a(lib_a-puts.o) (__swsetup_r)
e:/program files/gcc-arm-none-eabi-10-2020/bin/../lib/gcc/arm-none-eabi/10.2.1/../../../../arm-none-eabi/lib/thumb/v7-m/nofp\libc_nano.a(lib_a-fflush.o)
                              e:/program files/gcc-arm-none-eabi-10-2020/bin/../lib/gcc/arm-none-eabi/10.2.1/../../../../arm-none-eabi/lib/thumb/v7-m/nofp\libc_nano.a(lib_a-wbuf.o) (_fflush_r)
e:/program files/gcc-arm-none-eabi-10-2020/bin/../lib/gcc/arm-none-eabi/10.2.1/../../../../arm-none-eabi/lib/thumb/v7-m/nofp\libc_nano.a(lib_a-findfp.o)
                              e:/program files/gcc-arm-none-eabi-10-2020/bin/../lib/gcc/arm-none-eabi/10.2.1/../../../../arm-none-eabi/lib/thumb/v7-m/nofp\libc_nano.a(lib_a-puts.o) (__sinit)
e:/program files/gcc-arm-none-eabi-10-2020/bin/../lib/gcc/arm-none-eabi/10.2.1/../../../../arm-none-eabi/lib/thumb/v7-m/nofp\libc_nano.a(lib_a-fwalk.o)
                              e:/program files/gcc-arm-none-eabi-10-2020/bin/../lib/gcc/arm-none-eabi/10.2.1/../../../../arm-none-eabi/lib/thumb/v7-m/nofp\libc_nano.a(lib_a-findfp.o) (_fwalk)
e:/program files/gcc-arm-none-eabi-10-2020/bin/../lib/gcc/arm-none-eabi/10.2.1/../../../../arm-none-eabi/lib/thumb/v7-m/nofp\libc_nano.a(lib_a-lock.o)
                              e:/program files/gcc-arm-none-eabi-10-2020/bin/../lib/gcc/arm-none-eabi/10.2.1/../../../../arm-none-eabi/lib/thumb/v7-m/nofp\libc_nano.a(lib_a-findfp.o) (__retarget_lock_init_recursive)
e:/program files/gcc-arm-none-eabi-10-2020/bin/../lib/gcc/arm-none-eabi/10.2.1/../../../../arm-none-eabi/lib/thumb/v7-m/nofp\libc_nano.a(lib_a-makebuf.o)
                              e:/program files/gcc-arm-none-eabi-10-2020/bin/../lib/gcc/arm-none-eabi/10.2.1/../../../../arm-none-eabi/lib/thumb/v7-m/nofp\libc_nano.a(lib_a-wsetup.o) (__smakebuf_r)
e:/program files/gcc-arm-none-eabi-10-2020/bin/../lib/gcc/arm-none-eabi/10.2.1/../../../../arm-none-eabi/lib/thumb/v7-m/nofp\libc_nano.a(lib_a-nano-freer.o)
                              e:/program files/gcc-arm-none-eabi-10-2020/bin/../lib/gcc/arm-none-eabi/10.2.1/../../../../arm-none-eabi/lib/thumb/v7-m/nofp\libc_nano.a(lib_a-wsetup.o) (_free_r)
e:/program files/gcc-arm-none-eabi-10-2020/bin/../lib/gcc/arm-none-eabi/10.2.1/../../../../arm-none-eabi/lib/thumb/v7-m/nofp\libc_nano.a(lib_a-nano-mallocr.o)
                              e:/program files/gcc-arm-none-eabi-10-2020/bin/../lib/gcc/arm-none-eabi/10.2.1/../../../../arm-none-eabi/lib/thumb/v7-m/nofp\libc_nano.a(lib_a-findfp.o) (_malloc_r)
[...]
Memory Configuration

Name             Origin             Length             Attributes
RAM              0x20000000         0x00010000         xrw
FLASH            0x08000000         0x00080000         xr
*default*        0x00000000         0xffffffff

Linker script and memory map

LOAD e:/program files/gcc-arm-none-eabi-10-2020/bin/../lib/gcc/arm-none-eabi/10.2.1/thumb/v7-m/nofp/crti.o
LOAD e:/program files/gcc-arm-none-eabi-10-2020/bin/../lib/gcc/arm-none-eabi/10.2.1/thumb/v7-m/nofp/crtbegin.o
LOAD e:/program files/gcc-arm-none-eabi-10-2020/bin/../lib/gcc/arm-none-eabi/10.2.1/../../../../arm-none-eabi/lib/thumb/v7-m/nofp/crt0.o
LOAD ./build/Debug/stm32f1xx_hal.o
LOAD ./build/Debug/stm32f1xx_hal_cortex.o
LOAD ./build/Debug/stm32f1xx_hal_dma.o
LOAD ./build/Debug/stm32f1xx_hal_exti.o
LOAD ./build/Debug/stm32f1xx_hal_flash.o
LOAD ./build/Debug/stm32f1xx_hal_flash_ex.o
LOAD ./build/Debug/stm32f1xx_hal_gpio.o
LOAD ./build/Debug/stm32f1xx_hal_gpio_ex.o
LOAD ./build/Debug/stm32f1xx_hal_pwr.o
LOAD ./build/Debug/stm32f1xx_hal_rcc.o
LOAD ./build/Debug/stm32f1xx_hal_rcc_ex.o
LOAD ./build/Debug/stm32f1xx_hal_tim.o
LOAD ./build/Debug/stm32f1xx_hal_tim_ex.o
LOAD ./build/Debug/stm32f1xx_hal_uart.o
LOAD ./build/Debug/cmsis_os.o
LOAD ./build/Debug/croutine.o
LOAD ./build/Debug/event_groups.o
LOAD ./build/Debug/list.o
LOAD ./build/Debug/port.o
LOAD ./build/Debug/heap_4.o
LOAD ./build/Debug/queue.o
LOAD ./build/Debug/stream_buffer.o
LOAD ./build/Debug/tasks.o
LOAD ./build/Debug/timers.o
LOAD ./build/Debug/freertos.o
LOAD ./build/Debug/main.o
LOAD ./build/Debug/stm32f1xx_hal_msp.o
LOAD ./build/Debug/stm32f1xx_it.o
LOAD ./build/Debug/system_stm32f1xx.o
LOAD ./build/Debug/startup_stm32f103xe.o
LOAD e:/program files/gcc-arm-none-eabi-10-2020/bin/../lib/gcc/arm-none-eabi/10.2.1/../../../../arm-none-eabi/lib/thumb/v7-m/nofp\libm.a
START GROUP
LOAD e:/program files/gcc-arm-none-eabi-10-2020/bin/../lib/gcc/arm-none-eabi/10.2.1/thumb/v7-m/nofp\libgcc.a
LOAD e:/program files/gcc-arm-none-eabi-10-2020/bin/../lib/gcc/arm-none-eabi/10.2.1/../../../../arm-none-eabi/lib/thumb/v7-m/nofp\libc_nano.a
END GROUP
START GROUP
LOAD e:/program files/gcc-arm-none-eabi-10-2020/bin/../lib/gcc/arm-none-eabi/10.2.1/thumb/v7-m/nofp\libgcc.a
LOAD e:/program files/gcc-arm-none-eabi-10-2020/bin/../lib/gcc/arm-none-eabi/10.2.1/../../../../arm-none-eabi/lib/thumb/v7-m/nofp\libc_nano.a
LOAD e:/program files/gcc-arm-none-eabi-10-2020/bin/../lib/gcc/arm-none-eabi/10.2.1/../../../../arm-none-eabi/lib/thumb/v7-m/nofp\libnosys.a
END GROUP
START GROUP
LOAD e:/program files/gcc-arm-none-eabi-10-2020/bin/../lib/gcc/arm-none-eabi/10.2.1/thumb/v7-m/nofp\libgcc.a
LOAD e:/program files/gcc-arm-none-eabi-10-2020/bin/../lib/gcc/arm-none-eabi/10.2.1/../../../../arm-none-eabi/lib/thumb/v7-m/nofp\libc_nano.a
LOAD e:/program files/gcc-arm-none-eabi-10-2020/bin/../lib/gcc/arm-none-eabi/10.2.1/../../../../arm-none-eabi/lib/thumb/v7-m/nofp\libnosys.a
END GROUP
LOAD e:/program files/gcc-arm-none-eabi-10-2020/bin/../lib/gcc/arm-none-eabi/10.2.1/thumb/v7-m/nofp/crtend.o
LOAD e:/program files/gcc-arm-none-eabi-10-2020/bin/../lib/gcc/arm-none-eabi/10.2.1/thumb/v7-m/nofp/crtn.o
                0x20010000                _estack = 0x20010000
                0x00000200                _Min_Heap_Size = 0x200
                0x00000400                _Min_Stack_Size = 0x400

.isr_vector     0x08000000      0x1e4
                0x08000000                . = ALIGN (0x4)
 *(.isr_vector)
 .isr_vector    0x08000000      0x1e4 ./build/Debug/startup_stm32f103xe.o
                0x08000000                g_pfnVectors
                0x080001e4                . = ALIGN (0x4)

.text           0x080001f0     0x26cc
                0x080001f0                . = ALIGN (0x4)
 *(.text)
 .text          0x080001f0       0x40 e:/program files/gcc-arm-none-eabi-10-2020/bin/../lib/gcc/arm-none-eabi/10.2.1/thumb/v7-m/nofp/crtbegin.o
 *(.text*)
 .text.HAL_InitTick
                0x08000230       0x4c ./build/Debug/stm32f1xx_hal.o
                0x08000230                HAL_InitTick
 .text.HAL_Init
                0x0800027c       0x24 ./build/Debug/stm32f1xx_hal.o
                0x0800027c                HAL_Init
 .text.HAL_IncTick
                0x080002a0       0x18 ./build/Debug/stm32f1xx_hal.o
                0x080002a0                HAL_IncTick
 .text.HAL_GetTick
                0x080002b8        0xc ./build/Debug/stm32f1xx_hal.o
                0x080002b8                HAL_GetTick
 .text.HAL_NVIC_SetPriorityGrouping
                0x080002c4       0x24 ./build/Debug/stm32f1xx_hal_cortex.o
                0x080002c4                HAL_NVIC_SetPriorityGrouping
 .text.HAL_NVIC_SetPriority
                0x080002e8       0x70 ./build/Debug/stm32f1xx_hal_cortex.o
                0x080002e8                HAL_NVIC_SetPriority
 .text.HAL_SYSTICK_Config
                0x08000358       0x28 ./build/Debug/stm32f1xx_hal_cortex.o
                0x08000358                HAL_SYSTICK_Config
 .text.HAL_GPIO_Init
                0x08000380      0x240 ./build/Debug/stm32f1xx_hal_gpio.o
                0x08000380                HAL_GPIO_Init
 .text.HAL_GPIO_WritePin
                0x080005c0        0xc ./build/Debug/stm32f1xx_hal_gpio.o
                0x080005c0                HAL_GPIO_WritePin
 .text.RCC_Delay
                0x080005cc       0x2c ./build/Debug/stm32f1xx_hal_rcc.o
 .text.HAL_RCC_OscConfig
                0x080005f8      0x410 ./build/Debug/stm32f1xx_hal_rcc.o
                0x080005f8                HAL_RCC_OscConfig
 .text.HAL_RCC_GetSysClockFreq
                0x08000a08       0x6c ./build/Debug/stm32f1xx_hal_rcc.o
                0x08000a08                HAL_RCC_GetSysClockFreq
 .text.HAL_RCC_ClockConfig
                0x08000a74      0x16c ./build/Debug/stm32f1xx_hal_rcc.o
                0x08000a74                HAL_RCC_ClockConfig
 .text.HAL_RCC_GetHCLKFreq
                0x08000be0        0xc ./build/Debug/stm32f1xx_hal_rcc.o
                0x08000be0                HAL_RCC_GetHCLKFreq
 .text.HAL_RCC_GetPCLK1Freq
                0x08000bec       0x20 ./build/Debug/stm32f1xx_hal_rcc.o
                0x08000bec                HAL_RCC_GetPCLK1Freq
 .text.HAL_RCC_GetPCLK2Freq
                0x08000c0c       0x20 ./build/Debug/stm32f1xx_hal_rcc.o
                0x08000c0c                HAL_RCC_GetPCLK2Freq
 .text.UART_SetConfig
                0x08000c2c       0x94 ./build/Debug/stm32f1xx_hal_uart.o
 .text.UART_WaitOnFlagUntilTimeout
                0x08000cc0       0x6c ./build/Debug/stm32f1xx_hal_uart.o
 .text.HAL_UART_Init
                0x08000d2c       0x5e ./build/Debug/stm32f1xx_hal_uart.o
                0x08000d2c                HAL_UART_Init
 .text.HAL_UART_Transmit
                0x08000d8a       0xd8 ./build/Debug/stm32f1xx_hal_uart.o
                0x08000d8a                HAL_UART_Transmit
 .text.makeFreeRtosPriority
                0x08000e62        0xc ./build/Debug/cmsis_os.o
 .text.osKernelStart
                0x08000e6e        0xa ./build/Debug/cmsis_os.o
                0x08000e6e                osKernelStart
 .text.osThreadCreate
                0x08000e78       0x34 ./build/Debug/cmsis_os.o
                0x08000e78                osThreadCreate
 .text.osDelay  0x08000eac        0xe ./build/Debug/cmsis_os.o
                0x08000eac                osDelay
 .text.vListInitialise
                0x08000eba       0x16 ./build/Debug/list.o
                0x08000eba                vListInitialise
 .text.vListInitialiseItem
                0x08000ed0        0x6 ./build/Debug/list.o
                0x08000ed0                vListInitialiseItem
 .text.vListInsertEnd
                0x08000ed6       0x16 ./build/Debug/list.o
                0x08000ed6                vListInsertEnd
 .text.vListInsert
                0x08000eec       0x32 ./build/Debug/list.o
                0x08000eec                vListInsert
 .text.uxListRemove
                0x08000f1e       0x26 ./build/Debug/list.o
                0x08000f1e                uxListRemove
 .text.prvTaskExitError
                0x08000f44       0x40 ./build/Debug/port.o
 .text.prvPortStartFirstTask
                0x08000f84       0x20 ./build/Debug/port.o
 .text.pxPortInitialiseStack
                0x08000fa4       0x24 ./build/Debug/port.o
                0x08000fa4                pxPortInitialiseStack
 *fill*         0x08000fc8        0x8 
 .text.SVC_Handler
                0x08000fd0       0x24 ./build/Debug/port.o
                0x08000fd0                SVC_Handler
 .text.vPortEnterCritical
                0x08000ff4       0x44 ./build/Debug/port.o
                0x08000ff4                vPortEnterCritical
 .text.vPortExitCritical
                0x08001038       0x2c ./build/Debug/port.o
                0x08001038                vPortExitCritical
 *fill*         0x08001064        0xc 
 .text.PendSV_Handler
                0x08001070       0x44 ./build/Debug/port.o
                0x08001070                PendSV_Handler
 .text.xPortSysTickHandler
                0x080010b4       0x2c ./build/Debug/port.o
                0x080010b4                xPortSysTickHandler
 .text.vPortSetupTimerInterrupt
                0x080010e0       0x28 ./build/Debug/port.o
                0x080010e0                vPortSetupTimerInterrupt
 .text.xPortStartScheduler
                0x08001108       0xc0 ./build/Debug/port.o
                0x08001108                xPortStartScheduler
 .text.prvHeapInit
                0x080011c8       0x64 ./build/Debug/heap_4.o
 .text.prvInsertBlockIntoFreeList
                0x0800122c       0x60 ./build/Debug/heap_4.o
 .text.pvPortMalloc
                0x0800128c       0xf0 ./build/Debug/heap_4.o
                0x0800128c                pvPortMalloc
 .text.vPortFree
                0x0800137c       0x70 ./build/Debug/heap_4.o
                0x0800137c                vPortFree
 .text.prvResetNextTaskUnblockTime
                0x080013ec       0x2c ./build/Debug/tasks.o
 .text.prvDeleteTCB
                0x08001418       0x12 ./build/Debug/tasks.o
 .text.prvInitialiseNewTask
                0x0800142a       0x94 ./build/Debug/tasks.o
 *fill*         0x080014be        0x2 
 .text.prvInitialiseTaskLists
                0x080014c0       0x68 ./build/Debug/tasks.o
 .text.prvAddNewTaskToReadyList
                0x08001528       0xa8 ./build/Debug/tasks.o
 .text.prvCheckTasksWaitingTermination
                0x080015d0       0x4c ./build/Debug/tasks.o
 .text.prvIdleTask
                0x0800161c       0x28 ./build/Debug/tasks.o
 .text.prvAddCurrentTaskToDelayedList
                0x08001644       0x98 ./build/Debug/tasks.o
 .text.xTaskCreate
                0x080016dc       0x64 ./build/Debug/tasks.o
                0x080016dc                xTaskCreate
 .text.vTaskStartScheduler
                0x08001740       0x7c ./build/Debug/tasks.o
                0x08001740                vTaskStartScheduler
 .text.vTaskSuspendAll
                0x080017bc       0x10 ./build/Debug/tasks.o
                0x080017bc                vTaskSuspendAll
 .text.xTaskIncrementTick
                0x080017cc      0x118 ./build/Debug/tasks.o
                0x080017cc                xTaskIncrementTick
 .text.xTaskResumeAll
                0x080018e4       0xf8 ./build/Debug/tasks.o
                0x080018e4                xTaskResumeAll
 .text.vTaskDelay
                0x080019dc       0x4c ./build/Debug/tasks.o
                0x080019dc                vTaskDelay
 .text.vTaskSwitchContext
                0x08001a28       0x98 ./build/Debug/tasks.o
                0x08001a28                vTaskSwitchContext
 .text.xTaskGetSchedulerState
                0x08001ac0       0x20 ./build/Debug/tasks.o
                0x08001ac0                xTaskGetSchedulerState
 .text.MX_GPIO_Init
                0x08001ae0       0x98 ./build/Debug/main.o
 .text.MX_USART1_UART_Init
                0x08001b78       0x2c ./build/Debug/main.o
 .text.StartDefaultTask
                0x08001ba4       0x30 ./build/Debug/main.o
                0x08001ba4                StartDefaultTask
 .text.StartTask02
                0x08001bd4       0x34 ./build/Debug/main.o
                0x08001bd4                StartTask02
 .text.StartTask03
                0x08001c08       0x20 ./build/Debug/main.o
                0x08001c08                StartTask03
 .text._write   0x08001c28       0x28 ./build/Debug/main.o
                0x08001c28                _write
 .text.SystemClock_Config
                0x08001c50       0x44 ./build/Debug/main.o
                0x08001c50                SystemClock_Config
 .text.main     0x08001c94       0x98 ./build/Debug/main.o
                0x08001c94                main
 .text.HAL_MspInit
                0x08001d2c       0x54 ./build/Debug/stm32f1xx_hal_msp.o
                0x08001d2c                HAL_MspInit
 .text.HAL_UART_MspInit
                0x08001d80       0x78 ./build/Debug/stm32f1xx_hal_msp.o
                0x08001d80                HAL_UART_MspInit
 .text.NMI_Handler
                0x08001df8        0x2 ./build/Debug/stm32f1xx_it.o
                0x08001df8                NMI_Handler
 .text.HardFault_Handler
                0x08001dfa        0x2 ./build/Debug/stm32f1xx_it.o
                0x08001dfa                HardFault_Handler
 .text.MemManage_Handler
                0x08001dfc        0x2 ./build/Debug/stm32f1xx_it.o
                0x08001dfc                MemManage_Handler
 .text.BusFault_Handler
                0x08001dfe        0x2 ./build/Debug/stm32f1xx_it.o
                0x08001dfe                BusFault_Handler
 .text.UsageFault_Handler
                0x08001e00        0x2 ./build/Debug/stm32f1xx_it.o
                0x08001e00                UsageFault_Handler
 .text.DebugMon_Handler
                0x08001e02        0x2 ./build/Debug/stm32f1xx_it.o
                0x08001e02                DebugMon_Handler
 .text.SysTick_Handler
                0x08001e04       0x16 ./build/Debug/stm32f1xx_it.o
                0x08001e04                SysTick_Handler
 .text.SystemInit
                0x08001e1a        0x2 ./build/Debug/system_stm32f1xx.o
                0x08001e1a                SystemInit
 .text.Reset_Handler
                0x08001e1c       0x48 ./build/Debug/startup_stm32f103xe.o
                0x08001e1c                Reset_Handler
 .text.Default_Handler
                0x08001e64        0x2 ./build/Debug/startup_stm32f103xe.o
                0x08001e64                RTC_Alarm_IRQHandler
                0x08001e64                EXTI2_IRQHandler
                0x08001e64                TIM8_TRG_COM_IRQHandler
                0x08001e64                TIM8_CC_IRQHandler
                0x08001e64                TIM1_CC_IRQHandler
                0x08001e64                TIM6_IRQHandler
                0x08001e64                PVD_IRQHandler
                0x08001e64                SDIO_IRQHandler
                0x08001e64                EXTI3_IRQHandler
                0x08001e64                EXTI0_IRQHandler
                0x08001e64                I2C2_EV_IRQHandler
                0x08001e64                ADC1_2_IRQHandler
                0x08001e64                SPI1_IRQHandler
                0x08001e64                TAMPER_IRQHandler
                0x08001e64                TIM8_UP_IRQHandler
                0x08001e64                DMA2_Channel2_IRQHandler
                0x08001e64                DMA1_Channel4_IRQHandler
                0x08001e64                USART3_IRQHandler
                0x08001e64                RTC_IRQHandler
                0x08001e64                DMA1_Channel7_IRQHandler
                0x08001e64                CAN1_RX1_IRQHandler
                0x08001e64                UART5_IRQHandler
                0x08001e64                ADC3_IRQHandler
                0x08001e64                TIM4_IRQHandler
                0x08001e64                DMA2_Channel1_IRQHandler
                0x08001e64                I2C1_EV_IRQHandler
                0x08001e64                DMA1_Channel6_IRQHandler
                0x08001e64                UART4_IRQHandler
                0x08001e64                TIM3_IRQHandler
                0x08001e64                RCC_IRQHandler
                0x08001e64                TIM1_TRG_COM_IRQHandler
                0x08001e64                DMA1_Channel1_IRQHandler
                0x08001e64                Default_Handler
                0x08001e64                EXTI15_10_IRQHandler
                0x08001e64                TIM7_IRQHandler
                0x08001e64                TIM5_IRQHandler
                0x08001e64                EXTI9_5_IRQHandler
                0x08001e64                SPI2_IRQHandler
                0x08001e64                DMA1_Channel5_IRQHandler
                0x08001e64                EXTI4_IRQHandler
                0x08001e64                USB_LP_CAN1_RX0_IRQHandler
                0x08001e64                USB_HP_CAN1_TX_IRQHandler
                0x08001e64                DMA1_Channel3_IRQHandler
                0x08001e64                FSMC_IRQHandler
                0x08001e64                TIM1_UP_IRQHandler
                0x08001e64                WWDG_IRQHandler
                0x08001e64                TIM2_IRQHandler
                0x08001e64                TIM1_BRK_IRQHandler
                0x08001e64                EXTI1_IRQHandler
                0x08001e64                DMA2_Channel4_5_IRQHandler
                0x08001e64                USART2_IRQHandler
                0x08001e64                I2C2_ER_IRQHandler
                0x08001e64                DMA1_Channel2_IRQHandler
                0x08001e64                TIM8_BRK_IRQHandler
                0x08001e64                CAN1_SCE_IRQHandler
                0x08001e64                FLASH_IRQHandler
                0x08001e64                USART1_IRQHandler
                0x08001e64                SPI3_IRQHandler
                0x08001e64                I2C1_ER_IRQHandler
                0x08001e64                USBWakeUp_IRQHandler
                0x08001e64                DMA2_Channel3_IRQHandler
 *fill*         0x08001e66        0x2 
 .text.__libc_init_array
                0x08001e68       0x48 e:/program files/gcc-arm-none-eabi-10-2020/bin/../lib/gcc/arm-none-eabi/10.2.1/../../../../arm-none-eabi/lib/thumb/v7-m/nofp\libc_nano.a(lib_a-init.o)
                0x08001e68                __libc_init_array
 .text.memset   0x08001eb0       0x10 e:/program files/gcc-arm-none-eabi-10-2020/bin/../lib/gcc/arm-none-eabi/10.2.1/../../../../arm-none-eabi/lib/thumb/v7-m/nofp\libc_nano.a(lib_a-memset.o)
                0x08001eb0                memset
 .text._puts_r  0x08001ec0       0xdc e:/program files/gcc-arm-none-eabi-10-2020/bin/../lib/gcc/arm-none-eabi/10.2.1/../../../../arm-none-eabi/lib/thumb/v7-m/nofp\libc_nano.a(lib_a-puts.o)
                0x08001ec0                _puts_r
 .text.puts     0x08001f9c       0x10 e:/program files/gcc-arm-none-eabi-10-2020/bin/../lib/gcc/arm-none-eabi/10.2.1/../../../../arm-none-eabi/lib/thumb/v7-m/nofp\libc_nano.a(lib_a-puts.o)
                0x08001f9c                puts
 .text.__swbuf_r
                0x08001fac       0xa4 e:/program files/gcc-arm-none-eabi-10-2020/bin/../lib/gcc/arm-none-eabi/10.2.1/../../../../arm-none-eabi/lib/thumb/v7-m/nofp\libc_nano.a(lib_a-wbuf.o)
                0x08001fac                __swbuf_r
 .text.__swsetup_r
                0x08002050       0xdc e:/program files/gcc-arm-none-eabi-10-2020/bin/../lib/gcc/arm-none-eabi/10.2.1/../../../../arm-none-eabi/lib/thumb/v7-m/nofp\libc_nano.a(lib_a-wsetup.o)
                0x08002050                __swsetup_r
 .text.__sflush_r
                0x0800212c      0x104 e:/program files/gcc-arm-none-eabi-10-2020/bin/../lib/gcc/arm-none-eabi/10.2.1/../../../../arm-none-eabi/lib/thumb/v7-m/nofp\libc_nano.a(lib_a-fflush.o)
                0x0800212c                __sflush_r
 .text._fflush_r
                0x08002230       0x78 e:/program files/gcc-arm-none-eabi-10-2020/bin/../lib/gcc/arm-none-eabi/10.2.1/../../../../arm-none-eabi/lib/thumb/v7-m/nofp\libc_nano.a(lib_a-fflush.o)
                0x08002230                _fflush_r
 .text.std      0x080022a8       0x48 e:/program files/gcc-arm-none-eabi-10-2020/bin/../lib/gcc/arm-none-eabi/10.2.1/../../../../arm-none-eabi/lib/thumb/v7-m/nofp\libc_nano.a(lib_a-findfp.o)
 .text._cleanup_r
                0x080022f0        0xc e:/program files/gcc-arm-none-eabi-10-2020/bin/../lib/gcc/arm-none-eabi/10.2.1/../../../../arm-none-eabi/lib/thumb/v7-m/nofp\libc_nano.a(lib_a-findfp.o)
                0x080022f0                _cleanup_r
 .text.__sfmoreglue
                0x080022fc       0x2c e:/program files/gcc-arm-none-eabi-10-2020/bin/../lib/gcc/arm-none-eabi/10.2.1/../../../../arm-none-eabi/lib/thumb/v7-m/nofp\libc_nano.a(lib_a-findfp.o)
                0x080022fc                __sfmoreglue
 .text.__sfp_lock_acquire
                0x08002328        0xc e:/program files/gcc-arm-none-eabi-10-2020/bin/../lib/gcc/arm-none-eabi/10.2.1/../../../../arm-none-eabi/lib/thumb/v7-m/nofp\libc_nano.a(lib_a-findfp.o)
                0x08002328                __sfp_lock_acquire
 .text.__sfp_lock_release
                0x08002334        0xc e:/program files/gcc-arm-none-eabi-10-2020/bin/../lib/gcc/arm-none-eabi/10.2.1/../../../../arm-none-eabi/lib/thumb/v7-m/nofp\libc_nano.a(lib_a-findfp.o)
                0x08002334                __sfp_lock_release
 .text.__sinit_lock_acquire
                0x08002340        0xc e:/program files/gcc-arm-none-eabi-10-2020/bin/../lib/gcc/arm-none-eabi/10.2.1/../../../../arm-none-eabi/lib/thumb/v7-m/nofp\libc_nano.a(lib_a-findfp.o)
                0x08002340                __sinit_lock_acquire
 .text.__sinit_lock_release
                0x0800234c        0xc e:/program files/gcc-arm-none-eabi-10-2020/bin/../lib/gcc/arm-none-eabi/10.2.1/../../../../arm-none-eabi/lib/thumb/v7-m/nofp\libc_nano.a(lib_a-findfp.o)
                0x0800234c                __sinit_lock_release
 .text.__sinit  0x08002358       0x70 e:/program files/gcc-arm-none-eabi-10-2020/bin/../lib/gcc/arm-none-eabi/10.2.1/../../../../arm-none-eabi/lib/thumb/v7-m/nofp\libc_nano.a(lib_a-findfp.o)
                0x08002358                __sinit
 .text.__sfp    0x080023c8       0x8c e:/program files/gcc-arm-none-eabi-10-2020/bin/../lib/gcc/arm-none-eabi/10.2.1/../../../../arm-none-eabi/lib/thumb/v7-m/nofp\libc_nano.a(lib_a-findfp.o)
                0x080023c8                __sfp
 .text._fwalk_reent
                0x08002454       0x3e e:/program files/gcc-arm-none-eabi-10-2020/bin/../lib/gcc/arm-none-eabi/10.2.1/../../../../arm-none-eabi/lib/thumb/v7-m/nofp\libc_nano.a(lib_a-fwalk.o)
                0x08002454                _fwalk_reent
 .text.__retarget_lock_init_recursive
                0x08002492        0x2 e:/program files/gcc-arm-none-eabi-10-2020/bin/../lib/gcc/arm-none-eabi/10.2.1/../../../../arm-none-eabi/lib/thumb/v7-m/nofp\libc_nano.a(lib_a-lock.o)
                0x08002492                __retarget_lock_init_recursive
 .text.__retarget_lock_acquire_recursive
                0x08002494        0x2 e:/program files/gcc-arm-none-eabi-10-2020/bin/../lib/gcc/arm-none-eabi/10.2.1/../../../../arm-none-eabi/lib/thumb/v7-m/nofp\libc_nano.a(lib_a-lock.o)
                0x08002494                __retarget_lock_acquire_recursive
 .text.__retarget_lock_release_recursive
                0x08002496        0x2 e:/program files/gcc-arm-none-eabi-10-2020/bin/../lib/gcc/arm-none-eabi/10.2.1/../../../../arm-none-eabi/lib/thumb/v7-m/nofp\libc_nano.a(lib_a-lock.o)
                0x08002496                __retarget_lock_release_recursive
 .text.__swhatbuf_r
                0x08002498       0x4a e:/program files/gcc-arm-none-eabi-10-2020/bin/../lib/gcc/arm-none-eabi/10.2.1/../../../../arm-none-eabi/lib/thumb/v7-m/nofp\libc_nano.a(lib_a-makebuf.o)
                0x08002498                __swhatbuf_r
 *fill*         0x080024e2        0x2 
 .text.__smakebuf_r
                0x080024e4       0x80 e:/program files/gcc-arm-none-eabi-10-2020/bin/../lib/gcc/arm-none-eabi/10.2.1/../../../../arm-none-eabi/lib/thumb/v7-m/nofp\libc_nano.a(lib_a-makebuf.o)
                0x080024e4                __smakebuf_r
 .text._free_r  0x08002564       0x90 e:/program files/gcc-arm-none-eabi-10-2020/bin/../lib/gcc/arm-none-eabi/10.2.1/../../../../arm-none-eabi/lib/thumb/v7-m/nofp\libc_nano.a(lib_a-nano-freer.o)
                0x08002564                _free_r
 .text._malloc_r
                0x080025f4       0xb4 e:/program files/gcc-arm-none-eabi-10-2020/bin/../lib/gcc/arm-none-eabi/10.2.1/../../../../arm-none-eabi/lib/thumb/v7-m/nofp\libc_nano.a(lib_a-nano-mallocr.o)
                0x080025f4                _malloc_r
 .text._sbrk_r  0x080026a8       0x20 e:/program files/gcc-arm-none-eabi-10-2020/bin/../lib/gcc/arm-none-eabi/10.2.1/../../../../arm-none-eabi/lib/thumb/v7-m/nofp\libc_nano.a(lib_a-sbrkr.o)
                0x080026a8                _sbrk_r
 .text.__sread  0x080026c8       0x22 e:/program files/gcc-arm-none-eabi-10-2020/bin/../lib/gcc/arm-none-eabi/10.2.1/../../../../arm-none-eabi/lib/thumb/v7-m/nofp\libc_nano.a(lib_a-stdio.o)
                0x080026c8                __sread
 .text.__swrite
                0x080026ea       0x38 e:/program files/gcc-arm-none-eabi-10-2020/bin/../lib/gcc/arm-none-eabi/10.2.1/../../../../arm-none-eabi/lib/thumb/v7-m/nofp\libc_nano.a(lib_a-stdio.o)
                0x080026ea                __swrite
 .text.__sseek  0x08002722       0x24 e:/program files/gcc-arm-none-eabi-10-2020/bin/../lib/gcc/arm-none-eabi/10.2.1/../../../../arm-none-eabi/lib/thumb/v7-m/nofp\libc_nano.a(lib_a-stdio.o)
                0x08002722                __sseek
 .text.__sclose
                0x08002746        0x8 e:/program files/gcc-arm-none-eabi-10-2020/bin/../lib/gcc/arm-none-eabi/10.2.1/../../../../arm-none-eabi/lib/thumb/v7-m/nofp\libc_nano.a(lib_a-stdio.o)
                0x08002746                __sclose
 *fill*         0x0800274e        0x2 
 .text._write_r
                0x08002750       0x24 e:/program files/gcc-arm-none-eabi-10-2020/bin/../lib/gcc/arm-none-eabi/10.2.1/../../../../arm-none-eabi/lib/thumb/v7-m/nofp\libc_nano.a(lib_a-writer.o)
                0x08002750                _write_r
 .text._close_r
                0x08002774       0x20 e:/program files/gcc-arm-none-eabi-10-2020/bin/../lib/gcc/arm-none-eabi/10.2.1/../../../../arm-none-eabi/lib/thumb/v7-m/nofp\libc_nano.a(lib_a-closer.o)
                0x08002774                _close_r
 .text._fstat_r
                0x08002794       0x24 e:/program files/gcc-arm-none-eabi-10-2020/bin/../lib/gcc/arm-none-eabi/10.2.1/../../../../arm-none-eabi/lib/thumb/v7-m/nofp\libc_nano.a(lib_a-fstatr.o)
                0x08002794                _fstat_r
 .text._isatty_r
                0x080027b8       0x20 e:/program files/gcc-arm-none-eabi-10-2020/bin/../lib/gcc/arm-none-eabi/10.2.1/../../../../arm-none-eabi/lib/thumb/v7-m/nofp\libc_nano.a(lib_a-isattyr.o)
                0x080027b8                _isatty_r
 .text._lseek_r
                0x080027d8       0x24 e:/program files/gcc-arm-none-eabi-10-2020/bin/../lib/gcc/arm-none-eabi/10.2.1/../../../../arm-none-eabi/lib/thumb/v7-m/nofp\libc_nano.a(lib_a-lseekr.o)
                0x080027d8                _lseek_r
 .text.__malloc_lock
                0x080027fc        0xc e:/program files/gcc-arm-none-eabi-10-2020/bin/../lib/gcc/arm-none-eabi/10.2.1/../../../../arm-none-eabi/lib/thumb/v7-m/nofp\libc_nano.a(lib_a-mlock.o)
                0x080027fc                __malloc_lock
 .text.__malloc_unlock
                0x08002808        0xc e:/program files/gcc-arm-none-eabi-10-2020/bin/../lib/gcc/arm-none-eabi/10.2.1/../../../../arm-none-eabi/lib/thumb/v7-m/nofp\libc_nano.a(lib_a-mlock.o)
                0x08002808                __malloc_unlock
 .text._read_r  0x08002814       0x24 e:/program files/gcc-arm-none-eabi-10-2020/bin/../lib/gcc/arm-none-eabi/10.2.1/../../../../arm-none-eabi/lib/thumb/v7-m/nofp\libc_nano.a(lib_a-readr.o)
                0x08002814                _read_r
 .text._close   0x08002838       0x10 e:/program files/gcc-arm-none-eabi-10-2020/bin/../lib/gcc/arm-none-eabi/10.2.1/../../../../arm-none-eabi/lib/thumb/v7-m/nofp\libnosys.a(close.o)
                0x08002838                _close
 .text._fstat   0x08002848       0x10 e:/program files/gcc-arm-none-eabi-10-2020/bin/../lib/gcc/arm-none-eabi/10.2.1/../../../../arm-none-eabi/lib/thumb/v7-m/nofp\libnosys.a(fstat.o)
                0x08002848                _fstat
 .text._isatty  0x08002858       0x10 e:/program files/gcc-arm-none-eabi-10-2020/bin/../lib/gcc/arm-none-eabi/10.2.1/../../../../arm-none-eabi/lib/thumb/v7-m/nofp\libnosys.a(isatty.o)
                0x08002858                _isatty
 .text._lseek   0x08002868       0x10 e:/program files/gcc-arm-none-eabi-10-2020/bin/../lib/gcc/arm-none-eabi/10.2.1/../../../../arm-none-eabi/lib/thumb/v7-m/nofp\libnosys.a(lseek.o)
                0x08002868                _lseek
 .text._read    0x08002878       0x10 e:/program files/gcc-arm-none-eabi-10-2020/bin/../lib/gcc/arm-none-eabi/10.2.1/../../../../arm-none-eabi/lib/thumb/v7-m/nofp\libnosys.a(read.o)
                0x08002878                _read
 .text._sbrk    0x08002888       0x1c e:/program files/gcc-arm-none-eabi-10-2020/bin/../lib/gcc/arm-none-eabi/10.2.1/../../../../arm-none-eabi/lib/thumb/v7-m/nofp\libnosys.a(sbrk.o)
                0x08002888                _sbrk
 *(.glue_7)
 .glue_7        0x080028a4        0x0 linker stubs
 *(.glue_7t)
 .glue_7t       0x080028a4        0x0 linker stubs
 *(.eh_frame)
 .eh_frame      0x080028a4        0x0 e:/program files/gcc-arm-none-eabi-10-2020/bin/../lib/gcc/arm-none-eabi/10.2.1/thumb/v7-m/nofp/crtbegin.o
 *(.init)
 .init          0x080028a4        0x4 e:/program files/gcc-arm-none-eabi-10-2020/bin/../lib/gcc/arm-none-eabi/10.2.1/thumb/v7-m/nofp/crti.o
                0x080028a4                _init
 .init          0x080028a8        0x8 e:/program files/gcc-arm-none-eabi-10-2020/bin/../lib/gcc/arm-none-eabi/10.2.1/thumb/v7-m/nofp/crtn.o
 *(.fini)
 .fini          0x080028b0        0x4 e:/program files/gcc-arm-none-eabi-10-2020/bin/../lib/gcc/arm-none-eabi/10.2.1/thumb/v7-m/nofp/crti.o
                0x080028b0                _fini
 .fini          0x080028b4        0x8 e:/program files/gcc-arm-none-eabi-10-2020/bin/../lib/gcc/arm-none-eabi/10.2.1/thumb/v7-m/nofp/crtn.o
                0x080028bc                . = ALIGN (0x4)
                0x080028bc                _etext = .

.vfp11_veneer   0x080028bc        0x0
 .vfp11_veneer  0x080028bc        0x0 linker stubs

.v4_bx          0x080028bc        0x0
 .v4_bx         0x080028bc        0x0 linker stubs

.iplt           0x080028bc        0x0
 .iplt          0x080028bc        0x0 e:/program files/gcc-arm-none-eabi-10-2020/bin/../lib/gcc/arm-none-eabi/10.2.1/thumb/v7-m/nofp/crtbegin.o

.rodata         0x080028bc      0x110
                0x080028bc                . = ALIGN (0x4)
 *(.rodata)
 .rodata        0x080028bc       0x3c ./build/Debug/main.o
 *(.rodata*)
 .rodata.HAL_RCC_GetSysClockFreq.str1.4
                0x080028f8       0x11 ./build/Debug/stm32f1xx_hal_rcc.o
 *fill*         0x08002909        0x3 
 .rodata.vTaskStartScheduler.str1.4
                0x0800290c        0x5 ./build/Debug/tasks.o
 *fill*         0x08002911        0x3 
 .rodata.str1.4
                0x08002914       0x21 ./build/Debug/main.o
 *fill*         0x08002935        0x3 
 .rodata.StartDefaultTask.str1.4
                0x08002938        0x5 ./build/Debug/main.o
 *fill*         0x0800293d        0x3 
 .rodata.StartTask02.str1.4
                0x08002940        0x5 ./build/Debug/main.o
 *fill*         0x08002945        0x3 
 .rodata.StartTask03.str1.4
                0x08002948        0x8 ./build/Debug/main.o
 .rodata.AHBPrescTable
                0x08002950       0x10 ./build/Debug/system_stm32f1xx.o
                0x08002950                AHBPrescTable
 .rodata.APBPrescTable
                0x08002960        0x8 ./build/Debug/system_stm32f1xx.o
                0x08002960                APBPrescTable
 .rodata._global_impure_ptr
                0x08002968        0x4 e:/program files/gcc-arm-none-eabi-10-2020/bin/../lib/gcc/arm-none-eabi/10.2.1/../../../../arm-none-eabi/lib/thumb/v7-m/nofp\libc_nano.a(lib_a-impure.o)
                0x08002968                _global_impure_ptr
 .rodata.__sf_fake_stderr
                0x0800296c       0x20 e:/program files/gcc-arm-none-eabi-10-2020/bin/../lib/gcc/arm-none-eabi/10.2.1/../../../../arm-none-eabi/lib/thumb/v7-m/nofp\libc_nano.a(lib_a-findfp.o)
                0x0800296c                __sf_fake_stderr
 .rodata.__sf_fake_stdin
                0x0800298c       0x20 e:/program files/gcc-arm-none-eabi-10-2020/bin/../lib/gcc/arm-none-eabi/10.2.1/../../../../arm-none-eabi/lib/thumb/v7-m/nofp\libc_nano.a(lib_a-findfp.o)
                0x0800298c                __sf_fake_stdin
 .rodata.__sf_fake_stdout
                0x080029ac       0x20 e:/program files/gcc-arm-none-eabi-10-2020/bin/../lib/gcc/arm-none-eabi/10.2.1/../../../../arm-none-eabi/lib/thumb/v7-m/nofp\libc_nano.a(lib_a-findfp.o)
                0x080029ac                __sf_fake_stdout
                0x080029cc                . = ALIGN (0x4)

.rel.dyn        0x080029cc        0x0
 .rel.iplt      0x080029cc        0x0 e:/program files/gcc-arm-none-eabi-10-2020/bin/../lib/gcc/arm-none-eabi/10.2.1/thumb/v7-m/nofp/crtbegin.o

.ARM.extab
 *(.ARM.extab* .gnu.linkonce.armextab.*)

.ARM            0x080029cc        0x0
                0x080029cc                __exidx_start = .
 *(.ARM.exidx*)
                0x080029cc                __exidx_end = .

.preinit_array  0x080029cc        0x0
                0x080029cc                PROVIDE (__preinit_array_start = .)
 *(.preinit_array*)
                0x080029cc                PROVIDE (__preinit_array_end = .)

.init_array     0x080029cc        0x4
                0x080029cc                PROVIDE (__init_array_start = .)
 *(SORT_BY_NAME(.init_array.*))
 *(.init_array*)
 .init_array    0x080029cc        0x4 e:/program files/gcc-arm-none-eabi-10-2020/bin/../lib/gcc/arm-none-eabi/10.2.1/thumb/v7-m/nofp/crtbegin.o
                0x080029d0                PROVIDE (__init_array_end = .)

.fini_array     0x080029d0        0x4
                [!provide]                PROVIDE (__fini_array_start = .)
 *(SORT_BY_NAME(.fini_array.*))
 *(.fini_array*)
 .fini_array    0x080029d0        0x4 e:/program files/gcc-arm-none-eabi-10-2020/bin/../lib/gcc/arm-none-eabi/10.2.1/thumb/v7-m/nofp/crtbegin.o
                [!provide]                PROVIDE (__fini_array_end = .)
                0x080029d4                _sidata = LOADADDR (.data)

.data           0x20000000       0x74 load address 0x080029d4
                0x20000000                . = ALIGN (0x4)
                0x20000000                _sdata = .
 *(.data)
 *(.data*)
 .data.uwTickFreq
                0x20000000        0x1 ./build/Debug/stm32f1xx_hal.o
                0x20000000                uwTickFreq
 *fill*         0x20000001        0x3 
 .data.uwTickPrio
                0x20000004        0x4 ./build/Debug/stm32f1xx_hal.o
                0x20000004                uwTickPrio
 .data.uxCriticalNesting
                0x20000008        0x4 ./build/Debug/port.o
 .data.SystemCoreClock
                0x2000000c        0x4 ./build/Debug/system_stm32f1xx.o
                0x2000000c                SystemCoreClock
 .data._impure_ptr
                0x20000010        0x4 e:/program files/gcc-arm-none-eabi-10-2020/bin/../lib/gcc/arm-none-eabi/10.2.1/../../../../arm-none-eabi/lib/thumb/v7-m/nofp\libc_nano.a(lib_a-impure.o)
                0x20000010                _impure_ptr
 .data.impure_data
                0x20000014       0x60 e:/program files/gcc-arm-none-eabi-10-2020/bin/../lib/gcc/arm-none-eabi/10.2.1/../../../../arm-none-eabi/lib/thumb/v7-m/nofp\libc_nano.a(lib_a-impure.o)
                0x20000074                . = ALIGN (0x4)
                0x20000074                _edata = .

.igot.plt       0x20000074        0x0 load address 0x08002a48
 .igot.plt      0x20000074        0x0 e:/program files/gcc-arm-none-eabi-10-2020/bin/../lib/gcc/arm-none-eabi/10.2.1/thumb/v7-m/nofp/crtbegin.o
                0x20000074                . = ALIGN (0x4)

.bss            0x20000074      0xdcc load address 0x08002a48
                0x20000074                _sbss = .
                0x20000074                __bss_start__ = _sbss
 *(.bss)
 .bss           0x20000074       0x1c e:/program files/gcc-arm-none-eabi-10-2020/bin/../lib/gcc/arm-none-eabi/10.2.1/thumb/v7-m/nofp/crtbegin.o
 *(.bss*)
 .bss.uwTick    0x20000090        0x4 ./build/Debug/stm32f1xx_hal.o
                0x20000090                uwTick
 .bss.ucMaxSysCallPriority
                0x20000094        0x1 ./build/Debug/port.o
 *fill*         0x20000095        0x3 
 .bss.ulMaxPRIGROUPValue
                0x20000098        0x4 ./build/Debug/port.o
 .bss.pxEnd     0x2000009c        0x4 ./build/Debug/heap_4.o
 .bss.ucHeap    0x200000a0      0xc00 ./build/Debug/heap_4.o
 .bss.xBlockAllocatedBit
                0x20000ca0        0x4 ./build/Debug/heap_4.o
 .bss.xFreeBytesRemaining
                0x20000ca4        0x4 ./build/Debug/heap_4.o
 .bss.xMinimumEverFreeBytesRemaining
                0x20000ca8        0x4 ./build/Debug/heap_4.o
 .bss.xStart    0x20000cac        0x8 ./build/Debug/heap_4.o
 .bss.pxCurrentTCB
                0x20000cb4        0x4 ./build/Debug/tasks.o
                0x20000cb4                pxCurrentTCB
 .bss.pxDelayedTaskList
                0x20000cb8        0x4 ./build/Debug/tasks.o
 .bss.pxOverflowDelayedTaskList
                0x20000cbc        0x4 ./build/Debug/tasks.o
 .bss.pxReadyTasksLists
                0x20000cc0       0x8c ./build/Debug/tasks.o
 .bss.uxCurrentNumberOfTasks
                0x20000d4c        0x4 ./build/Debug/tasks.o
 .bss.uxDeletedTasksWaitingCleanUp
                0x20000d50        0x4 ./build/Debug/tasks.o
 .bss.uxPendedTicks
                0x20000d54        0x4 ./build/Debug/tasks.o
 .bss.uxSchedulerSuspended
                0x20000d58        0x4 ./build/Debug/tasks.o
 .bss.uxTaskNumber
                0x20000d5c        0x4 ./build/Debug/tasks.o
 .bss.uxTopReadyPriority
                0x20000d60        0x4 ./build/Debug/tasks.o
 .bss.xDelayedTaskList1
                0x20000d64       0x14 ./build/Debug/tasks.o
 .bss.xDelayedTaskList2
                0x20000d78       0x14 ./build/Debug/tasks.o
 .bss.xIdleTaskHandle
                0x20000d8c        0x4 ./build/Debug/tasks.o
 .bss.xNextTaskUnblockTime
                0x20000d90        0x4 ./build/Debug/tasks.o
 .bss.xNumOfOverflows
                0x20000d94        0x4 ./build/Debug/tasks.o
 .bss.xPendingReadyList
                0x20000d98       0x14 ./build/Debug/tasks.o
 .bss.xSchedulerRunning
                0x20000dac        0x4 ./build/Debug/tasks.o
 .bss.xSuspendedTaskList
                0x20000db0       0x14 ./build/Debug/tasks.o
 .bss.xTasksWaitingTermination
                0x20000dc4       0x14 ./build/Debug/tasks.o
 .bss.xTickCount
                0x20000dd8        0x4 ./build/Debug/tasks.o
 .bss.xYieldPending
                0x20000ddc        0x4 ./build/Debug/tasks.o
 .bss.defaultTaskHandle
                0x20000de0        0x4 ./build/Debug/main.o
                0x20000de0                defaultTaskHandle
 .bss.huart1    0x20000de4       0x40 ./build/Debug/main.o
                0x20000de4                huart1
 .bss.myTask02Handle
                0x20000e24        0x4 ./build/Debug/main.o
                0x20000e24                myTask02Handle
 .bss.myTask03Handle
                0x20000e28        0x4 ./build/Debug/main.o
                0x20000e28                myTask03Handle
 .bss.__lock___malloc_recursive_mutex
                0x20000e2c        0x1 e:/program files/gcc-arm-none-eabi-10-2020/bin/../lib/gcc/arm-none-eabi/10.2.1/../../../../arm-none-eabi/lib/thumb/v7-m/nofp\libc_nano.a(lib_a-lock.o)
                0x20000e2c                __lock___malloc_recursive_mutex
 .bss.__lock___sfp_recursive_mutex
                0x20000e2d        0x1 e:/program files/gcc-arm-none-eabi-10-2020/bin/../lib/gcc/arm-none-eabi/10.2.1/../../../../arm-none-eabi/lib/thumb/v7-m/nofp\libc_nano.a(lib_a-lock.o)
                0x20000e2d                __lock___sfp_recursive_mutex
 .bss.__lock___sinit_recursive_mutex
                0x20000e2e        0x1 e:/program files/gcc-arm-none-eabi-10-2020/bin/../lib/gcc/arm-none-eabi/10.2.1/../../../../arm-none-eabi/lib/thumb/v7-m/nofp\libc_nano.a(lib_a-lock.o)
                0x20000e2e                __lock___sinit_recursive_mutex
 *fill*         0x20000e2f        0x1 
 .bss.__malloc_free_list
                0x20000e30        0x4 e:/program files/gcc-arm-none-eabi-10-2020/bin/../lib/gcc/arm-none-eabi/10.2.1/../../../../arm-none-eabi/lib/thumb/v7-m/nofp\libc_nano.a(lib_a-nano-mallocr.o)
                0x20000e30                __malloc_free_list
 .bss.__malloc_sbrk_start
                0x20000e34        0x4 e:/program files/gcc-arm-none-eabi-10-2020/bin/../lib/gcc/arm-none-eabi/10.2.1/../../../../arm-none-eabi/lib/thumb/v7-m/nofp\libc_nano.a(lib_a-nano-mallocr.o)
                0x20000e34                __malloc_sbrk_start
 .bss.errno     0x20000e38        0x4 e:/program files/gcc-arm-none-eabi-10-2020/bin/../lib/gcc/arm-none-eabi/10.2.1/../../../../arm-none-eabi/lib/thumb/v7-m/nofp\libc_nano.a(lib_a-reent.o)
                0x20000e38                errno
 .bss.heap_end.0
                0x20000e3c        0x4 e:/program files/gcc-arm-none-eabi-10-2020/bin/../lib/gcc/arm-none-eabi/10.2.1/../../../../arm-none-eabi/lib/thumb/v7-m/nofp\libnosys.a(sbrk.o)
 *(COMMON)
                0x20000e40                . = ALIGN (0x4)
                0x20000e40                _ebss = .
                0x20000e40                __bss_end__ = _ebss

._user_heap_stack
                0x20000e40      0x600 load address 0x08002a48
                0x20000e40                . = ALIGN (0x8)
                0x20000e40                PROVIDE (end = .)
                [!provide]                PROVIDE (_end = .)
                0x20001040                . = (. + _Min_Heap_Size)
 *fill*         0x20000e40      0x200 
                0x20001440                . = (. + _Min_Stack_Size)
 *fill*         0x20001040      0x400 
                0x20001440                . = ALIGN (0x8)

/DISCARD/
 libc.a(*)
 libm.a(*)
 libgcc.a(*)

.ARM.attributes
                0x00000000       0x29
 *(.ARM.attributes)
 .ARM.attributes
                0x00000000       0x1d e:/program files/gcc-arm-none-eabi-10-2020/bin/../lib/gcc/arm-none-eabi/10.2.1/thumb/v7-m/nofp/crti.o
 .ARM.attributes
                0x0000001d       0x2d e:/program files/gcc-arm-none-eabi-10-2020/bin/../lib/gcc/arm-none-eabi/10.2.1/thumb/v7-m/nofp/crtbegin.o
 .ARM.attributes
                0x0000004a       0x2d ./build/Debug/stm32f1xx_hal.o
 .ARM.attributes
                0x00000077       0x2d ./build/Debug/stm32f1xx_hal_cortex.o
 .ARM.attributes
                0x000000a4       0x2d ./build/Debug/stm32f1xx_hal_gpio.o
 .ARM.attributes
                0x000000d1       0x2d ./build/Debug/stm32f1xx_hal_rcc.o
 .ARM.attributes
                0x000000fe       0x2d ./build/Debug/stm32f1xx_hal_uart.o
 .ARM.attributes
                0x0000012b       0x2d ./build/Debug/cmsis_os.o
 .ARM.attributes
                0x00000158       0x2d ./build/Debug/list.o
 .ARM.attributes
                0x00000185       0x2d ./build/Debug/port.o
 .ARM.attributes
                0x000001b2       0x2d ./build/Debug/heap_4.o
 .ARM.attributes
                0x000001df       0x2d ./build/Debug/tasks.o
 .ARM.attributes
                0x0000020c       0x2d ./build/Debug/main.o
 .ARM.attributes
                0x00000239       0x2d ./build/Debug/stm32f1xx_hal_msp.o
 .ARM.attributes
                0x00000266       0x2d ./build/Debug/stm32f1xx_it.o
 .ARM.attributes
                0x00000293       0x2d ./build/Debug/system_stm32f1xx.o
 .ARM.attributes
                0x000002c0       0x21 ./build/Debug/startup_stm32f103xe.o
 .ARM.attributes
                0x000002e1       0x2d e:/program files/gcc-arm-none-eabi-10-2020/bin/../lib/gcc/arm-none-eabi/10.2.1/../../../../arm-none-eabi/lib/thumb/v7-m/nofp\libc_nano.a(lib_a-impure.o)
 .ARM.attributes
                0x0000030e       0x2d e:/program files/gcc-arm-none-eabi-10-2020/bin/../lib/gcc/arm-none-eabi/10.2.1/../../../../arm-none-eabi/lib/thumb/v7-m/nofp\libc_nano.a(lib_a-init.o)
 .ARM.attributes
                0x0000033b       0x2d e:/program files/gcc-arm-none-eabi-10-2020/bin/../lib/gcc/arm-none-eabi/10.2.1/../../../../arm-none-eabi/lib/thumb/v7-m/nofp\libc_nano.a(lib_a-memset.o)
 .ARM.attributes
                0x00000368       0x2d e:/program files/gcc-arm-none-eabi-10-2020/bin/../lib/gcc/arm-none-eabi/10.2.1/../../../../arm-none-eabi/lib/thumb/v7-m/nofp\libc_nano.a(lib_a-puts.o)
 .ARM.attributes
                0x00000395       0x2d e:/program files/gcc-arm-none-eabi-10-2020/bin/../lib/gcc/arm-none-eabi/10.2.1/../../../../arm-none-eabi/lib/thumb/v7-m/nofp\libc_nano.a(lib_a-wbuf.o)
 .ARM.attributes
                0x000003c2       0x2d e:/program files/gcc-arm-none-eabi-10-2020/bin/../lib/gcc/arm-none-eabi/10.2.1/../../../../arm-none-eabi/lib/thumb/v7-m/nofp\libc_nano.a(lib_a-wsetup.o)
 .ARM.attributes
                0x000003ef       0x2d e:/program files/gcc-arm-none-eabi-10-2020/bin/../lib/gcc/arm-none-eabi/10.2.1/../../../../arm-none-eabi/lib/thumb/v7-m/nofp\libc_nano.a(lib_a-fflush.o)
 .ARM.attributes
                0x0000041c       0x2d e:/program files/gcc-arm-none-eabi-10-2020/bin/../lib/gcc/arm-none-eabi/10.2.1/../../../../arm-none-eabi/lib/thumb/v7-m/nofp\libc_nano.a(lib_a-findfp.o)
 .ARM.attributes
                0x00000449       0x2d e:/program files/gcc-arm-none-eabi-10-2020/bin/../lib/gcc/arm-none-eabi/10.2.1/../../../../arm-none-eabi/lib/thumb/v7-m/nofp\libc_nano.a(lib_a-fwalk.o)
 .ARM.attributes
                0x00000476       0x2d e:/program files/gcc-arm-none-eabi-10-2020/bin/../lib/gcc/arm-none-eabi/10.2.1/../../../../arm-none-eabi/lib/thumb/v7-m/nofp\libc_nano.a(lib_a-lock.o)
 .ARM.attributes
                0x000004a3       0x2d e:/program files/gcc-arm-none-eabi-10-2020/bin/../lib/gcc/arm-none-eabi/10.2.1/../../../../arm-none-eabi/lib/thumb/v7-m/nofp\libc_nano.a(lib_a-makebuf.o)
 .ARM.attributes
                0x000004d0       0x2d e:/program files/gcc-arm-none-eabi-10-2020/bin/../lib/gcc/arm-none-eabi/10.2.1/../../../../arm-none-eabi/lib/thumb/v7-m/nofp\libc_nano.a(lib_a-nano-freer.o)
 .ARM.attributes
                0x000004fd       0x2d e:/program files/gcc-arm-none-eabi-10-2020/bin/../lib/gcc/arm-none-eabi/10.2.1/../../../../arm-none-eabi/lib/thumb/v7-m/nofp\libc_nano.a(lib_a-nano-mallocr.o)
 .ARM.attributes
                0x0000052a       0x2d e:/program files/gcc-arm-none-eabi-10-2020/bin/../lib/gcc/arm-none-eabi/10.2.1/../../../../arm-none-eabi/lib/thumb/v7-m/nofp\libc_nano.a(lib_a-sbrkr.o)
 .ARM.attributes
                0x00000557       0x2d e:/program files/gcc-arm-none-eabi-10-2020/bin/../lib/gcc/arm-none-eabi/10.2.1/../../../../arm-none-eabi/lib/thumb/v7-m/nofp\libc_nano.a(lib_a-stdio.o)
 .ARM.attributes
                0x00000584       0x2d e:/program files/gcc-arm-none-eabi-10-2020/bin/../lib/gcc/arm-none-eabi/10.2.1/../../../../arm-none-eabi/lib/thumb/v7-m/nofp\libc_nano.a(lib_a-writer.o)
 .ARM.attributes
                0x000005b1       0x2d e:/program files/gcc-arm-none-eabi-10-2020/bin/../lib/gcc/arm-none-eabi/10.2.1/../../../../arm-none-eabi/lib/thumb/v7-m/nofp\libc_nano.a(lib_a-closer.o)
 .ARM.attributes
                0x000005de       0x2d e:/program files/gcc-arm-none-eabi-10-2020/bin/../lib/gcc/arm-none-eabi/10.2.1/../../../../arm-none-eabi/lib/thumb/v7-m/nofp\libc_nano.a(lib_a-fstatr.o)
 .ARM.attributes
                0x0000060b       0x2d e:/program files/gcc-arm-none-eabi-10-2020/bin/../lib/gcc/arm-none-eabi/10.2.1/../../../../arm-none-eabi/lib/thumb/v7-m/nofp\libc_nano.a(lib_a-isattyr.o)
 .ARM.attributes
                0x00000638       0x2d e:/program files/gcc-arm-none-eabi-10-2020/bin/../lib/gcc/arm-none-eabi/10.2.1/../../../../arm-none-eabi/lib/thumb/v7-m/nofp\libc_nano.a(lib_a-lseekr.o)
 .ARM.attributes
                0x00000665       0x2d e:/program files/gcc-arm-none-eabi-10-2020/bin/../lib/gcc/arm-none-eabi/10.2.1/../../../../arm-none-eabi/lib/thumb/v7-m/nofp\libc_nano.a(lib_a-mlock.o)
 .ARM.attributes
                0x00000692       0x2d e:/program files/gcc-arm-none-eabi-10-2020/bin/../lib/gcc/arm-none-eabi/10.2.1/../../../../arm-none-eabi/lib/thumb/v7-m/nofp\libc_nano.a(lib_a-readr.o)
 .ARM.attributes
                0x000006bf       0x2d e:/program files/gcc-arm-none-eabi-10-2020/bin/../lib/gcc/arm-none-eabi/10.2.1/../../../../arm-none-eabi/lib/thumb/v7-m/nofp\libc_nano.a(lib_a-reent.o)
 .ARM.attributes
                0x000006ec       0x2d e:/program files/gcc-arm-none-eabi-10-2020/bin/../lib/gcc/arm-none-eabi/10.2.1/../../../../arm-none-eabi/lib/thumb/v7-m/nofp\libnosys.a(close.o)
 .ARM.attributes
                0x00000719       0x2d e:/program files/gcc-arm-none-eabi-10-2020/bin/../lib/gcc/arm-none-eabi/10.2.1/../../../../arm-none-eabi/lib/thumb/v7-m/nofp\libnosys.a(fstat.o)
 .ARM.attributes
                0x00000746       0x2d e:/program files/gcc-arm-none-eabi-10-2020/bin/../lib/gcc/arm-none-eabi/10.2.1/../../../../arm-none-eabi/lib/thumb/v7-m/nofp\libnosys.a(isatty.o)
 .ARM.attributes
                0x00000773       0x2d e:/program files/gcc-arm-none-eabi-10-2020/bin/../lib/gcc/arm-none-eabi/10.2.1/../../../../arm-none-eabi/lib/thumb/v7-m/nofp\libnosys.a(lseek.o)
 .ARM.attributes
                0x000007a0       0x2d e:/program files/gcc-arm-none-eabi-10-2020/bin/../lib/gcc/arm-none-eabi/10.2.1/../../../../arm-none-eabi/lib/thumb/v7-m/nofp\libnosys.a(read.o)
 .ARM.attributes
                0x000007cd       0x2d e:/program files/gcc-arm-none-eabi-10-2020/bin/../lib/gcc/arm-none-eabi/10.2.1/../../../../arm-none-eabi/lib/thumb/v7-m/nofp\libnosys.a(sbrk.o)
 .ARM.attributes
                0x000007fa       0x1d e:/program files/gcc-arm-none-eabi-10-2020/bin/../lib/gcc/arm-none-eabi/10.2.1/thumb/v7-m/nofp/crtn.o
OUTPUT(./build/Debug/STM32F1_OS.elf elf32-littlearm)
LOAD linker stubs
LOAD e:/program files/gcc-arm-none-eabi-10-2020/bin/../lib/gcc/arm-none-eabi/10.2.1/../../../../arm-none-eabi/lib/thumb/v7-m/nofp\libc.a
LOAD e:/program files/gcc-arm-none-eabi-10-2020/bin/../lib/gcc/arm-none-eabi/10.2.1/../../../../arm-none-eabi/lib/thumb/v7-m/nofp\libm.a
LOAD e:/program files/gcc-arm-none-eabi-10-2020/bin/../lib/gcc/arm-none-eabi/10.2.1/thumb/v7-m/nofp\libgcc.a

.debug_info     0x00000000     0xa9a3
 .debug_info    0x00000000      0x807 ./build/Debug/stm32f1xx_hal.o
 .debug_info    0x00000807      0xde9 ./build/Debug/stm32f1xx_hal_cortex.o
 .debug_info    0x000015f0      0x668 ./build/Debug/stm32f1xx_hal_gpio.o
 .debug_info    0x00001c58      0xa2f ./build/Debug/stm32f1xx_hal_rcc.o
 .debug_info    0x00002687     0x183e ./build/Debug/stm32f1xx_hal_uart.o
 .debug_info    0x00003ec5     0x1da4 ./build/Debug/cmsis_os.o
 .debug_info    0x00005c69      0x2d3 ./build/Debug/list.o
 .debug_info    0x00005f3c      0x524 ./build/Debug/port.o
 .debug_info    0x00006460      0x46a ./build/Debug/heap_4.o
 .debug_info    0x000068ca     0x2506 ./build/Debug/tasks.o
 .debug_info    0x00008dd0      0xe02 ./build/Debug/main.o
 .debug_info    0x00009bd2      0xa2b ./build/Debug/stm32f1xx_hal_msp.o
 .debug_info    0x0000a5fd      0x143 ./build/Debug/stm32f1xx_it.o
 .debug_info    0x0000a740      0x241 ./build/Debug/system_stm32f1xx.o
 .debug_info    0x0000a981       0x22 ./build/Debug/startup_stm32f103xe.o

.debug_abbrev   0x00000000     0x1e28
 .debug_abbrev  0x00000000      0x1f4 ./build/Debug/stm32f1xx_hal.o
 .debug_abbrev  0x000001f4      0x341 ./build/Debug/stm32f1xx_hal_cortex.o
 .debug_abbrev  0x00000535      0x1e6 ./build/Debug/stm32f1xx_hal_gpio.o
 .debug_abbrev  0x0000071b      0x27a ./build/Debug/stm32f1xx_hal_rcc.o
 .debug_abbrev  0x00000995      0x254 ./build/Debug/stm32f1xx_hal_uart.o
 .debug_abbrev  0x00000be9      0x340 ./build/Debug/cmsis_os.o
 .debug_abbrev  0x00000f29      0x106 ./build/Debug/list.o
 .debug_abbrev  0x0000102f      0x27e ./build/Debug/port.o
 .debug_abbrev  0x000012ad      0x238 ./build/Debug/heap_4.o
 .debug_abbrev  0x000014e5      0x313 ./build/Debug/tasks.o
 .debug_abbrev  0x000017f8      0x27d ./build/Debug/main.o
 .debug_abbrev  0x00001a75      0x1c3 ./build/Debug/stm32f1xx_hal_msp.o
 .debug_abbrev  0x00001c38       0xa0 ./build/Debug/stm32f1xx_it.o
 .debug_abbrev  0x00001cd8      0x13e ./build/Debug/system_stm32f1xx.o
 .debug_abbrev  0x00001e16       0x12 ./build/Debug/startup_stm32f103xe.o

.debug_loc      0x00000000     0x6293
 .debug_loc     0x00000000      0x141 ./build/Debug/stm32f1xx_hal.o
 .debug_loc     0x00000141      0x71f ./build/Debug/stm32f1xx_hal_cortex.o
 .debug_loc     0x00000860      0x47d ./build/Debug/stm32f1xx_hal_gpio.o
 .debug_loc     0x00000cdd      0x63e ./build/Debug/stm32f1xx_hal_rcc.o
 .debug_loc     0x0000131b     0x1951 ./build/Debug/stm32f1xx_hal_uart.o
 .debug_loc     0x00002c6c     0x1224 ./build/Debug/cmsis_os.o
 .debug_loc     0x00003e90       0xad ./build/Debug/list.o
 .debug_loc     0x00003f3d       0xe8 ./build/Debug/port.o
 .debug_loc     0x00004025      0x331 ./build/Debug/heap_4.o
 .debug_loc     0x00004356     0x1ccc ./build/Debug/tasks.o
 .debug_loc     0x00006022       0xd9 ./build/Debug/main.o
 .debug_loc     0x000060fb       0x99 ./build/Debug/stm32f1xx_hal_msp.o
 .debug_loc     0x00006194       0xff ./build/Debug/system_stm32f1xx.o

.debug_aranges  0x00000000      0x9d8
 .debug_aranges
                0x00000000       0xe0 ./build/Debug/stm32f1xx_hal.o
 .debug_aranges
                0x000000e0       0x90 ./build/Debug/stm32f1xx_hal_cortex.o
 .debug_aranges
                0x00000170       0x58 ./build/Debug/stm32f1xx_hal_gpio.o
 .debug_aranges
                0x000001c8       0x90 ./build/Debug/stm32f1xx_hal_rcc.o
 .debug_aranges
                0x00000258      0x1d0 ./build/Debug/stm32f1xx_hal_uart.o
 .debug_aranges
                0x00000428      0x1d8 ./build/Debug/cmsis_os.o
 .debug_aranges
                0x00000600       0x40 ./build/Debug/list.o
 .debug_aranges
                0x00000640       0x78 ./build/Debug/port.o
 .debug_aranges
                0x000006b8       0x50 ./build/Debug/heap_4.o
 .debug_aranges
                0x00000708      0x1a0 ./build/Debug/tasks.o
 .debug_aranges
                0x000008a8       0x60 ./build/Debug/main.o
 .debug_aranges
                0x00000908       0x30 ./build/Debug/stm32f1xx_hal_msp.o
 .debug_aranges
                0x00000938       0x50 ./build/Debug/stm32f1xx_it.o
 .debug_aranges
                0x00000988       0x28 ./build/Debug/system_stm32f1xx.o
 .debug_aranges
                0x000009b0       0x28 ./build/Debug/startup_stm32f103xe.o

.debug_ranges   0x00000000      0xa28
 .debug_ranges  0x00000000       0xd0 ./build/Debug/stm32f1xx_hal.o
 .debug_ranges  0x000000d0       0xe0 ./build/Debug/stm32f1xx_hal_cortex.o
 .debug_ranges  0x000001b0       0x48 ./build/Debug/stm32f1xx_hal_gpio.o
 .debug_ranges  0x000001f8       0xa0 ./build/Debug/stm32f1xx_hal_rcc.o
 .debug_ranges  0x00000298      0x1c0 ./build/Debug/stm32f1xx_hal_uart.o
 .debug_ranges  0x00000458      0x1c8 ./build/Debug/cmsis_os.o
 .debug_ranges  0x00000620       0x30 ./build/Debug/list.o
 .debug_ranges  0x00000650       0x68 ./build/Debug/port.o
 .debug_ranges  0x000006b8       0x40 ./build/Debug/heap_4.o
 .debug_ranges  0x000006f8      0x248 ./build/Debug/tasks.o
 .debug_ranges  0x00000940       0x50 ./build/Debug/main.o
 .debug_ranges  0x00000990       0x20 ./build/Debug/stm32f1xx_hal_msp.o
 .debug_ranges  0x000009b0       0x40 ./build/Debug/stm32f1xx_it.o
 .debug_ranges  0x000009f0       0x18 ./build/Debug/system_stm32f1xx.o
 .debug_ranges  0x00000a08       0x20 ./build/Debug/startup_stm32f103xe.o

.debug_line     0x00000000     0x844e
 .debug_line    0x00000000      0x4ee ./build/Debug/stm32f1xx_hal.o
 .debug_line    0x000004ee      0x5f7 ./build/Debug/stm32f1xx_hal_cortex.o
 .debug_line    0x00000ae5      0x5b5 ./build/Debug/stm32f1xx_hal_gpio.o
 .debug_line    0x0000109a      0xbea ./build/Debug/stm32f1xx_hal_rcc.o
 .debug_line    0x00001c84     0x1b76 ./build/Debug/stm32f1xx_hal_uart.o
 .debug_line    0x000037fa     0x1092 ./build/Debug/cmsis_os.o
 .debug_line    0x0000488c      0x2f1 ./build/Debug/list.o
 .debug_line    0x00004b7d      0x5c1 ./build/Debug/port.o
 .debug_line    0x0000513e      0x5e5 ./build/Debug/heap_4.o
 .debug_line    0x00005723     0x2198 ./build/Debug/tasks.o
 .debug_line    0x000078bb      0x4d8 ./build/Debug/main.o
 .debug_line    0x00007d93      0x27b ./build/Debug/stm32f1xx_hal_msp.o
 .debug_line    0x0000800e      0x1c1 ./build/Debug/stm32f1xx_it.o
 .debug_line    0x000081cf      0x202 ./build/Debug/system_stm32f1xx.o
 .debug_line    0x000083d1       0x7d ./build/Debug/startup_stm32f103xe.o

.debug_str      0x00000000     0x35a9
 .debug_str     0x00000000      0x894 ./build/Debug/stm32f1xx_hal.o
                                0x8e8 (size before relaxing)
 .debug_str     0x00000894      0x3cf ./build/Debug/stm32f1xx_hal_cortex.o
                                0x997 (size before relaxing)
 .debug_str     0x00000c63      0x1ce ./build/Debug/stm32f1xx_hal_gpio.o
                                0x3e0 (size before relaxing)
 .debug_str     0x00000e31      0x345 ./build/Debug/stm32f1xx_hal_rcc.o
                                0x60b (size before relaxing)
 .debug_str     0x00001176      0x8f1 ./build/Debug/stm32f1xx_hal_uart.o
                                0xb82 (size before relaxing)
 .debug_str     0x00001a67      0xb51 ./build/Debug/cmsis_os.o
                                0xd8b (size before relaxing)
 .debug_str     0x000025b8      0x12f ./build/Debug/list.o
                                0x2b6 (size before relaxing)
 .debug_str     0x000026e7      0x209 ./build/Debug/port.o
                                0x426 (size before relaxing)
 .debug_str     0x000028f0      0x1c8 ./build/Debug/heap_4.o
                                0x39f (size before relaxing)
 .debug_str     0x00002ab8      0x883 ./build/Debug/tasks.o
                                0xe43 (size before relaxing)
 .debug_str     0x0000333b      0x140 ./build/Debug/main.o
                                0x9cc (size before relaxing)
 .debug_str     0x0000347b       0x1f ./build/Debug/stm32f1xx_hal_msp.o
                                0xa05 (size before relaxing)
 .debug_str     0x0000349a       0x8f ./build/Debug/stm32f1xx_it.o
                                0x222 (size before relaxing)
 .debug_str     0x00003529       0x51 ./build/Debug/system_stm32f1xx.o
                                0x234 (size before relaxing)
 .debug_str     0x0000357a       0x2f ./build/Debug/startup_stm32f103xe.o
                                 0x57 (size before relaxing)

.comment        0x00000000       0x4d
 .comment       0x00000000       0x4d ./build/Debug/stm32f1xx_hal.o
                                 0x4e (size before relaxing)
 .comment       0x0000004d       0x4e ./build/Debug/stm32f1xx_hal_cortex.o
 .comment       0x0000004d       0x4e ./build/Debug/stm32f1xx_hal_gpio.o
 .comment       0x0000004d       0x4e ./build/Debug/stm32f1xx_hal_rcc.o
 .comment       0x0000004d       0x4e ./build/Debug/stm32f1xx_hal_uart.o
 .comment       0x0000004d       0x4e ./build/Debug/cmsis_os.o
 .comment       0x0000004d       0x4e ./build/Debug/list.o
 .comment       0x0000004d       0x4e ./build/Debug/port.o
 .comment       0x0000004d       0x4e ./build/Debug/heap_4.o
 .comment       0x0000004d       0x4e ./build/Debug/tasks.o
 .comment       0x0000004d       0x4e ./build/Debug/main.o
 .comment       0x0000004d       0x4e ./build/Debug/stm32f1xx_hal_msp.o
 .comment       0x0000004d       0x4e ./build/Debug/stm32f1xx_it.o
 .comment       0x0000004d       0x4e ./build/Debug/system_stm32f1xx.o

.debug_frame    0x00000000     0x2088
 .debug_frame   0x00000000      0x1cc ./build/Debug/stm32f1xx_hal.o
 .debug_frame   0x000001cc      0x118 ./build/Debug/stm32f1xx_hal_cortex.o
 .debug_frame   0x000002e4       0xe4 ./build/Debug/stm32f1xx_hal_gpio.o
 .debug_frame   0x000003c8      0x190 ./build/Debug/stm32f1xx_hal_rcc.o
 .debug_frame   0x00000558      0x4e8 ./build/Debug/stm32f1xx_hal_uart.o
 .debug_frame   0x00000a40      0x57c ./build/Debug/cmsis_os.o
 .debug_frame   0x00000fbc       0x70 ./build/Debug/list.o
 .debug_frame   0x0000102c       0xf0 ./build/Debug/port.o
 .debug_frame   0x0000111c       0xb0 ./build/Debug/heap_4.o
 .debug_frame   0x000011cc      0x548 ./build/Debug/tasks.o
 .debug_frame   0x00001714       0xf0 ./build/Debug/main.o
 .debug_frame   0x00001804       0x64 ./build/Debug/stm32f1xx_hal_msp.o
 .debug_frame   0x00001868       0x88 ./build/Debug/stm32f1xx_it.o
 .debug_frame   0x000018f0       0x30 ./build/Debug/system_stm32f1xx.o
 .debug_frame   0x00001920       0x2c e:/program files/gcc-arm-none-eabi-10-2020/bin/../lib/gcc/arm-none-eabi/10.2.1/../../../../arm-none-eabi/lib/thumb/v7-m/nofp\libc_nano.a(lib_a-init.o)
 .debug_frame   0x0000194c       0x20 e:/program files/gcc-arm-none-eabi-10-2020/bin/../lib/gcc/arm-none-eabi/10.2.1/../../../../arm-none-eabi/lib/thumb/v7-m/nofp\libc_nano.a(lib_a-memset.o)
 .debug_frame   0x0000196c       0x3c e:/program files/gcc-arm-none-eabi-10-2020/bin/../lib/gcc/arm-none-eabi/10.2.1/../../../../arm-none-eabi/lib/thumb/v7-m/nofp\libc_nano.a(lib_a-puts.o)
 .debug_frame   0x000019a8       0x40 e:/program files/gcc-arm-none-eabi-10-2020/bin/../lib/gcc/arm-none-eabi/10.2.1/../../../../arm-none-eabi/lib/thumb/v7-m/nofp\libc_nano.a(lib_a-wbuf.o)
 .debug_frame   0x000019e8       0x2c e:/program files/gcc-arm-none-eabi-10-2020/bin/../lib/gcc/arm-none-eabi/10.2.1/../../../../arm-none-eabi/lib/thumb/v7-m/nofp\libc_nano.a(lib_a-wsetup.o)
 .debug_frame   0x00001a14       0x5c e:/program files/gcc-arm-none-eabi-10-2020/bin/../lib/gcc/arm-none-eabi/10.2.1/../../../../arm-none-eabi/lib/thumb/v7-m/nofp\libc_nano.a(lib_a-fflush.o)
 .debug_frame   0x00001a70      0x14c e:/program files/gcc-arm-none-eabi-10-2020/bin/../lib/gcc/arm-none-eabi/10.2.1/../../../../arm-none-eabi/lib/thumb/v7-m/nofp\libc_nano.a(lib_a-findfp.o)
 .debug_frame   0x00001bbc       0x54 e:/program files/gcc-arm-none-eabi-10-2020/bin/../lib/gcc/arm-none-eabi/10.2.1/../../../../arm-none-eabi/lib/thumb/v7-m/nofp\libc_nano.a(lib_a-fwalk.o)
 .debug_frame   0x00001c10       0xb0 e:/program files/gcc-arm-none-eabi-10-2020/bin/../lib/gcc/arm-none-eabi/10.2.1/../../../../arm-none-eabi/lib/thumb/v7-m/nofp\libc_nano.a(lib_a-lock.o)
 .debug_frame   0x00001cc0       0x58 e:/program files/gcc-arm-none-eabi-10-2020/bin/../lib/gcc/arm-none-eabi/10.2.1/../../../../arm-none-eabi/lib/thumb/v7-m/nofp\libc_nano.a(lib_a-makebuf.o)
 .debug_frame   0x00001d18       0x38 e:/program files/gcc-arm-none-eabi-10-2020/bin/../lib/gcc/arm-none-eabi/10.2.1/../../../../arm-none-eabi/lib/thumb/v7-m/nofp\libc_nano.a(lib_a-nano-freer.o)
 .debug_frame   0x00001d50       0x30 e:/program files/gcc-arm-none-eabi-10-2020/bin/../lib/gcc/arm-none-eabi/10.2.1/../../../../arm-none-eabi/lib/thumb/v7-m/nofp\libc_nano.a(lib_a-nano-mallocr.o)
 .debug_frame   0x00001d80       0x2c e:/program files/gcc-arm-none-eabi-10-2020/bin/../lib/gcc/arm-none-eabi/10.2.1/../../../../arm-none-eabi/lib/thumb/v7-m/nofp\libc_nano.a(lib_a-sbrkr.o)
 .debug_frame   0x00001dac       0x88 e:/program files/gcc-arm-none-eabi-10-2020/bin/../lib/gcc/arm-none-eabi/10.2.1/../../../../arm-none-eabi/lib/thumb/v7-m/nofp\libc_nano.a(lib_a-stdio.o)
 .debug_frame   0x00001e34       0x2c e:/program files/gcc-arm-none-eabi-10-2020/bin/../lib/gcc/arm-none-eabi/10.2.1/../../../../arm-none-eabi/lib/thumb/v7-m/nofp\libc_nano.a(lib_a-writer.o)
 .debug_frame   0x00001e60       0x2c e:/program files/gcc-arm-none-eabi-10-2020/bin/../lib/gcc/arm-none-eabi/10.2.1/../../../../arm-none-eabi/lib/thumb/v7-m/nofp\libc_nano.a(lib_a-closer.o)
 .debug_frame   0x00001e8c       0x2c e:/program files/gcc-arm-none-eabi-10-2020/bin/../lib/gcc/arm-none-eabi/10.2.1/../../../../arm-none-eabi/lib/thumb/v7-m/nofp\libc_nano.a(lib_a-fstatr.o)
 .debug_frame   0x00001eb8       0x2c e:/program files/gcc-arm-none-eabi-10-2020/bin/../lib/gcc/arm-none-eabi/10.2.1/../../../../arm-none-eabi/lib/thumb/v7-m/nofp\libc_nano.a(lib_a-isattyr.o)
 .debug_frame   0x00001ee4       0x2c e:/program files/gcc-arm-none-eabi-10-2020/bin/../lib/gcc/arm-none-eabi/10.2.1/../../../../arm-none-eabi/lib/thumb/v7-m/nofp\libc_nano.a(lib_a-lseekr.o)
 .debug_frame   0x00001f10       0x30 e:/program files/gcc-arm-none-eabi-10-2020/bin/../lib/gcc/arm-none-eabi/10.2.1/../../../../arm-none-eabi/lib/thumb/v7-m/nofp\libc_nano.a(lib_a-mlock.o)
 .debug_frame   0x00001f40       0x2c e:/program files/gcc-arm-none-eabi-10-2020/bin/../lib/gcc/arm-none-eabi/10.2.1/../../../../arm-none-eabi/lib/thumb/v7-m/nofp\libc_nano.a(lib_a-readr.o)
 .debug_frame   0x00001f6c       0x5c e:/program files/gcc-arm-none-eabi-10-2020/bin/../lib/gcc/arm-none-eabi/10.2.1/../../../../arm-none-eabi/lib/thumb/v7-m/nofp\libc_nano.a(lib_a-reent.o)
 .debug_frame   0x00001fc8       0x20 e:/program files/gcc-arm-none-eabi-10-2020/bin/../lib/gcc/arm-none-eabi/10.2.1/../../../../arm-none-eabi/lib/thumb/v7-m/nofp\libnosys.a(close.o)
 .debug_frame   0x00001fe8       0x20 e:/program files/gcc-arm-none-eabi-10-2020/bin/../lib/gcc/arm-none-eabi/10.2.1/../../../../arm-none-eabi/lib/thumb/v7-m/nofp\libnosys.a(fstat.o)
 .debug_frame   0x00002008       0x20 e:/program files/gcc-arm-none-eabi-10-2020/bin/../lib/gcc/arm-none-eabi/10.2.1/../../../../arm-none-eabi/lib/thumb/v7-m/nofp\libnosys.a(isatty.o)
 .debug_frame   0x00002028       0x20 e:/program files/gcc-arm-none-eabi-10-2020/bin/../lib/gcc/arm-none-eabi/10.2.1/../../../../arm-none-eabi/lib/thumb/v7-m/nofp\libnosys.a(lseek.o)
 .debug_frame   0x00002048       0x20 e:/program files/gcc-arm-none-eabi-10-2020/bin/../lib/gcc/arm-none-eabi/10.2.1/../../../../arm-none-eabi/lib/thumb/v7-m/nofp\libnosys.a(read.o)
 .debug_frame   0x00002068       0x20 e:/program files/gcc-arm-none-eabi-10-2020/bin/../lib/gcc/arm-none-eabi/10.2.1/../../../../arm-none-eabi/lib/thumb/v7-m/nofp\libnosys.a(sbrk.o)

.stab           0x00000000       0x84
 .stab          0x00000000       0x24 e:/program files/gcc-arm-none-eabi-10-2020/bin/../lib/gcc/arm-none-eabi/10.2.1/../../../../arm-none-eabi/lib/thumb/v7-m/nofp\libnosys.a(close.o)
 .stab          0x00000024       0x18 e:/program files/gcc-arm-none-eabi-10-2020/bin/../lib/gcc/arm-none-eabi/10.2.1/../../../../arm-none-eabi/lib/thumb/v7-m/nofp\libnosys.a(fstat.o)
                                 0x24 (size before relaxing)
 .stab          0x0000003c       0x18 e:/program files/gcc-arm-none-eabi-10-2020/bin/../lib/gcc/arm-none-eabi/10.2.1/../../../../arm-none-eabi/lib/thumb/v7-m/nofp\libnosys.a(isatty.o)
                                 0x24 (size before relaxing)
 .stab          0x00000054       0x18 e:/program files/gcc-arm-none-eabi-10-2020/bin/../lib/gcc/arm-none-eabi/10.2.1/../../../../arm-none-eabi/lib/thumb/v7-m/nofp\libnosys.a(lseek.o)
                                 0x24 (size before relaxing)
 .stab          0x0000006c       0x18 e:/program files/gcc-arm-none-eabi-10-2020/bin/../lib/gcc/arm-none-eabi/10.2.1/../../../../arm-none-eabi/lib/thumb/v7-m/nofp\libnosys.a(read.o)
                                 0x24 (size before relaxing)

.stabstr        0x00000000      0x117
 .stabstr       0x00000000      0x117 e:/program files/gcc-arm-none-eabi-10-2020/bin/../lib/gcc/arm-none-eabi/10.2.1/../../../../arm-none-eabi/lib/thumb/v7-m/nofp\libnosys.a(close.o)
